// Jest Snapshot v1, https://goo.gl/fbAQLP

exports[`components <App/> reneders correctly 1`] = `
<div>
  <h1
    className="box"
  >
    React -redux with testing
  </h1>
  <div
    className="main"
  >
    <div />
    <div />
  </div>
</div>
`;
